// Jest Snapshot v1, https://goo.gl/fbAQLP

exports[`TypeScript parser strings should parse itself 1`] = `
"#: /Users/guido/javascript/esgettext/packages/esgettext-tools/src/parser/parser.ts:216
msgid \\"\\"
\\"template literals with embedded expressions are not allowed as arguments \\"
\\"to gettext functions because they are not constant\\"
msgstr \\"\\"

#: /Users/guido/javascript/esgettext/packages/esgettext-tools/src/parser/parser.ts:403
#, perl-brace-format
msgid \\"{location}: warning: {msg}\\"
msgstr \\"\\"

#: /Users/guido/javascript/esgettext/packages/esgettext-tools/src/parser/parser.ts:411
#, perl-brace-format
msgid \\"{location}: error: {msg}\\"
msgstr \\"\\"
"
`;

exports[`TypeScript parser strings should parse itself with encoding 1`] = `
"#: /Users/guido/javascript/esgettext/packages/esgettext-tools/src/parser/parser.ts:216
msgid \\"\\"
\\"template literals with embedded expressions are not allowed as arguments \\"
\\"to gettext functions because they are not constant\\"
msgstr \\"\\"

#: /Users/guido/javascript/esgettext/packages/esgettext-tools/src/parser/parser.ts:403
#, perl-brace-format
msgid \\"{location}: warning: {msg}\\"
msgstr \\"\\"

#: /Users/guido/javascript/esgettext/packages/esgettext-tools/src/parser/parser.ts:411
#, perl-brace-format
msgid \\"{location}: error: {msg}\\"
msgstr \\"\\"
"
`;
