// Jest Snapshot v1, https://goo.gl/fbAQLP

exports[`parse po files encoding should accept cp1252 1`] = `
"# SOME DESCRIPTIVE TITLE
# Copyright (C) YEAR THE PACKAGE'S COPYRIGHT HOLDER
# This file is distributed under the same license as the PACKAGE package.
# FIRST AUTHOR <EMAIL@ADDRESS>, YEAR.
# 
#, fuzzy
msgid \\"\\"
msgstr \\"\\"
\\"Project-Id-Version: PACKAGE VERSION\\\\n\\"
\\"Report-Msgid-Bugs-To: MSGID_BUGS_ADDRESS\\\\n\\"
\\"POT-Creation-Date: 2020-04-23 08:50+0300\\\\n\\"
\\"PO-Revision-Date: YEAR-MO-DA HO:MI+ZONE\\\\n\\"
\\"Last-Translator: FULL NAME <EMAIL@ADDRESS>\\\\n\\"
\\"Language-Team: LANGUAGE <LL@li.org>\\\\n\\"
\\"Language: \\\\n\\"
\\"MIME-Version: 1.0\\\\n\\"
\\"Content-Type: text/plain; charset=CHARSET\\\\n\\"
\\"Content-Transfer-Encoding: 8bit\\\\n\\"
"
`;

exports[`parse po files simple file should parse 1`] = `
"# SOME DESCRIPTIVE TITLE
# Copyright (C) YEAR THE PACKAGE'S COPYRIGHT HOLDER
# This file is distributed under the same license as the PACKAGE package.
# FIRST AUTHOR <EMAIL@ADDRESS>, YEAR.
# 
# Translations for smell-o-vision.
# Copyright (C) 2020 SmellOVision Inc.
# This file is distributed under the same license as the smell-o-vision package.
# John Doe <john.doe@example.com>, 2020.
# 
#, fuzzy
msgid \\"\\"
msgstr \\"\\"
\\"Project-Id-Version: PACKAGE VERSION\\\\n\\"
\\"Report-Msgid-Bugs-To: MSGID_BUGS_ADDRESS\\\\n\\"
\\"POT-Creation-Date: 2020-04-23 08:50+0300\\\\n\\"
\\"PO-Revision-Date: YEAR-MO-DA HO:MI+ZONE\\\\n\\"
\\"Last-Translator: FULL NAME <EMAIL@ADDRESS>\\\\n\\"
\\"Language-Team: LANGUAGE <LL@li.org>\\\\n\\"
\\"Language: \\\\n\\"
\\"MIME-Version: 1.0\\\\n\\"
\\"Content-Type: text/plain; charset=CHARSET\\\\n\\"
\\"Content-Transfer-Encoding: 8bit\\\\n\\"

msgid \\"no comment\\"
msgstr \\"\\"

#, perl-brace-format, no-perl-format
msgid \\"Hello, {name}!\\"
msgstr \\"\\"

#: src/example.ts:2304 src/other.ts:1303
msgid \\"strawberry\\"
msgstr \\"\\"

msgid \\"One universe\\"
msgid_plural \\"Parallel universes\\"
msgstr[0] \\"\\"
msgstr[1] \\"\\"

msgctxt \\"escapes\\"
msgid \\"\\"
\\"\\\\\\\\\\\\a\\\\b\\\\t\\\\n\\"
\\"\\\\v\\\\f\\\\r\\\\\\"\\"
msgstr \\"\\"

msgid \\"Multi-line msgid\\"
msgstr \\"\\"

msgctxt \\"multi-line\\"
msgid \\"\\"
\\"Hello, world!\\\\n\\"
msgstr \\"\\"

msgid \\"One world\\"
msgid_plural \\"Many worlds\\"
msgstr[0] \\"\\"
msgstr[1] \\"\\"

msgid \\"The translation has to be discarded.\\"
msgstr \\"\\"

msgid \\"And this one, too.\\"
msgid_plural \\"And these ones, too.\\"
msgstr[0] \\"\\"
msgstr[1] \\"\\"

#. . TRANSLATORS: This is the day of the week, not our star.
#. . It is the abbreviation for Sunday.
msgid \\"Sun\\"
msgstr \\"\\"
"
`;

exports[`parse po files warnings should warn about empty flags 1`] = `
"# SOME DESCRIPTIVE TITLE
# Copyright (C) YEAR THE PACKAGE'S COPYRIGHT HOLDER
# This file is distributed under the same license as the PACKAGE package.
# FIRST AUTHOR <EMAIL@ADDRESS>, YEAR.
# 
#, fuzzy
msgid \\"\\"
msgstr \\"\\"
\\"Project-Id-Version: PACKAGE VERSION\\\\n\\"
\\"Report-Msgid-Bugs-To: MSGID_BUGS_ADDRESS\\\\n\\"
\\"POT-Creation-Date: 2020-04-23 08:50+0300\\\\n\\"
\\"PO-Revision-Date: YEAR-MO-DA HO:MI+ZONE\\\\n\\"
\\"Last-Translator: FULL NAME <EMAIL@ADDRESS>\\\\n\\"
\\"Language-Team: LANGUAGE <LL@li.org>\\\\n\\"
\\"Language: \\\\n\\"
\\"MIME-Version: 1.0\\\\n\\"
\\"Content-Type: text/plain; charset=CHARSET\\\\n\\"
\\"Content-Transfer-Encoding: 8bit\\\\n\\"

#, fuzzy, perl-brace-format
msgid \\"Hello, {name}!\\"
msgstr \\"\\"
"
`;

exports[`parse po files warnings should warn about empty flags reading from standard input 1`] = `
"# SOME DESCRIPTIVE TITLE
# Copyright (C) YEAR THE PACKAGE'S COPYRIGHT HOLDER
# This file is distributed under the same license as the PACKAGE package.
# FIRST AUTHOR <EMAIL@ADDRESS>, YEAR.
# 
#, fuzzy
msgid \\"\\"
msgstr \\"\\"
\\"Project-Id-Version: PACKAGE VERSION\\\\n\\"
\\"Report-Msgid-Bugs-To: MSGID_BUGS_ADDRESS\\\\n\\"
\\"POT-Creation-Date: 2020-04-23 08:50+0300\\\\n\\"
\\"PO-Revision-Date: YEAR-MO-DA HO:MI+ZONE\\\\n\\"
\\"Last-Translator: FULL NAME <EMAIL@ADDRESS>\\\\n\\"
\\"Language-Team: LANGUAGE <LL@li.org>\\\\n\\"
\\"Language: \\\\n\\"
\\"MIME-Version: 1.0\\\\n\\"
\\"Content-Type: text/plain; charset=CHARSET\\\\n\\"
\\"Content-Transfer-Encoding: 8bit\\\\n\\"

#, fuzzy, perl-brace-format
msgid \\"Hello, {name}!\\"
msgstr \\"\\"
"
`;

exports[`parse po files warnings should warn about invalid references 1`] = `
"# SOME DESCRIPTIVE TITLE
# Copyright (C) YEAR THE PACKAGE'S COPYRIGHT HOLDER
# This file is distributed under the same license as the PACKAGE package.
# FIRST AUTHOR <EMAIL@ADDRESS>, YEAR.
# 
#, fuzzy
msgid \\"\\"
msgstr \\"\\"
\\"Project-Id-Version: PACKAGE VERSION\\\\n\\"
\\"Report-Msgid-Bugs-To: MSGID_BUGS_ADDRESS\\\\n\\"
\\"POT-Creation-Date: 2020-04-23 08:50+0300\\\\n\\"
\\"PO-Revision-Date: YEAR-MO-DA HO:MI+ZONE\\\\n\\"
\\"Last-Translator: FULL NAME <EMAIL@ADDRESS>\\\\n\\"
\\"Language-Team: LANGUAGE <LL@li.org>\\\\n\\"
\\"Language: \\\\n\\"
\\"MIME-Version: 1.0\\\\n\\"
\\"Content-Type: text/plain; charset=CHARSET\\\\n\\"
\\"Content-Transfer-Encoding: 8bit\\\\n\\"

#: src/here.js:2304
msgid \\"Hello, {name}!\\"
msgstr \\"\\"
"
`;
